<?xml version="1.0" encoding="UTF-8"?>
<testsuites name="jest tests" tests="5" failures="0" errors="0" time="13.257">
  <testsuite name="undefined" errors="0" failures="0" skipped="0" timestamp="2026-01-26T16:45:05" time="10.942" tests="1">
    <testcase classname=" renders App" name=" renders App" time="0.219">
    </testcase>
  </testsuite>
  <testsuite name="undefined" errors="0" failures="0" skipped="0" timestamp="2026-01-26T16:45:05" time="10.961" tests="1">
    <testcase classname=" renders App" name=" renders App" time="0.238">
    </testcase>
  </testsuite>
  <testsuite name="undefined" errors="0" failures="0" skipped="0" timestamp="2026-01-26T16:45:05" time="10.965" tests="1">
    <testcase classname=" renders App" name=" renders App" time="0.222">
    </testcase>
  </testsuite>
  <testsuite name="undefined" errors="0" failures="0" skipped="0" timestamp="2026-01-26T16:45:05" time="11.059" tests="1">
    <testcase classname=" renders App" name=" renders App" time="0.299">
    </testcase>
  </testsuite>
  <testsuite name="undefined" errors="0" failures="0" skipped="0" timestamp="2026-01-26T16:45:05" time="10.989" tests="1">
    <testcase classname=" renders App" name=" renders App" time="0.266">
    </testcase>
  </testsuite>
</testsuites>